// Jest Snapshot v1, https://goo.gl/fbAQLP

exports[`Project should match snapshot 1`] = `
<DocumentFragment>
  <h1>
    Borrower platform version 1
  </h1>
  <button>
    Upgrade Version
  </button>
</DocumentFragment>
`;
