// Jest Snapshot v1, https://goo.gl/fbAQLP

exports[`Home should render 1`] = `
<DocumentFragment>
  <h1>
    Home Page
  </h1>
  <a
    href="/project"
  >
    Go to project
  </a>
</DocumentFragment>
`;
